Error Type A at Line 3
Error Type A at Line 4
Error Type A at Line 13
Error Type A at Line 18
Error Type A at Line 35
