Error Type B at Line 2
Error Type B at Line 5
Error Type B at Line 9
Error Type B at Line 10
Error Type B at Line 11
