Error Type B at Line 2
Error Type A at Line 23
Error Type A at Line 53
