Error Type B at Line 9
Error Type B at Line 13
Error Type B at Line 20
