Error Type A at Line 6
Error Type A at Line 8
Error Type A at Line 10
Error Type A at Line 15
Error Type A at Line 17
