Error Type B at Line 6
Error Type B at Line 11
Error Type B at Line 29
Error Type B at Line 56
