Error Type A at Line 7
Error Type B at Line 55
Error Type B at Line 62
