Error Type B at Line 1
Error Type B at Line 3
Error Type B at Line 4
Error Type B at Line 5
Error Type B at Line 6
