Error Type A at Line 2
Error Type A at Line 9
Error Type A at Line 21
Error Type B at Line 33
