Error type B at Line 9: missing ';'
Error type B at Line 21: syntax error, no match comment "/*"
