Program (1)
  ExtDefList (1)
    ExtDef (1)
      Specifier (1)
        TYPE: int
      ExtDecList (2)
        VarDec (2)
          VarDec (2)
            ID: OVpZwae
          LB
          INT: 1115
          RB
        COMMA
        ExtDecList (3)
          VarDec (3)
            ID: ud1C3GKmm
          COMMA
          ExtDecList (4)
            VarDec (4)
              VarDec (4)
                ID: v4_0n8jI1
              LB
              INT: 28606
              RB
            COMMA
            ExtDecList (4)
              VarDec (4)
                ID: Eb84dP
      SEMI
    ExtDefList (5)
      ExtDef (5)
        Specifier (5)
          TYPE: int
        FunDec (6)
          ID: RXWrRkDx
          LP
          RP
        CompSt (8)
          LC
          StmtList (8)
            Stmt (8)
              Exp (8)
                NOT
                Exp (8)
                  ID: dk_MVVME
                  LP
                  Args (8)
                    Exp (8)
                      INT: 387
                    COMMA
                    Args (9)
                      Exp (9)
                        Exp (9)
                          Exp (9)
                            INT: 6294
                          MINUS
                          Exp (9)
                            FLOAT: 83780000.000000
                        AND
                        Exp (10)
                          ID: thFY8NeoQl
                      COMMA
                      Args (11)
                        Exp (11)
                          ID: e8J6Nd6nxF
                        COMMA
                        Args (12)
                          Exp (12)
                            Exp (12)
                              FLOAT: 6223.959961
                            OR
                            Exp (13)
                              ID: FaHN
                  RP
              SEMI
          RC
      ExtDefList (14)
        ExtDef (14)
          Specifier (14)
            TYPE: float
          FunDec (15)
            ID: Uxt5b
            LP
            RP
          CompSt (17)
            LC
            DefList (18)
              Def (18)
                Specifier (18)
                  StructSpecifier (18)
                    STRUCT
                    Tag (19)
                      ID: uheb
                DecList (19)
                  Dec (19)
                    VarDec (19)
                      ID: MNVHn5pQA
                SEMI
            StmtList (20)
              Stmt (20)
                Exp (20)
                  ID: XvgGiSWu
                SEMI
              StmtList (20)
                Stmt (20)
                  CompSt (20)
                    LC
                    DefList (20)
                      Def (20)
                        Specifier (20)
                          TYPE: int
                        DecList (21)
                          Dec (21)
                            VarDec (21)
                              ID: CRInpKf
                        SEMI
                      DefList (22)
                        Def (22)
                          Specifier (22)
                            StructSpecifier (22)
                              STRUCT
                              Tag (23)
                                ID: T5j6IE6QlY
                          DecList (23)
                            Dec (23)
                              VarDec (23)
                                VarDec (23)
                                  VarDec (23)
                                    VarDec (23)
                                      VarDec (23)
                                        VarDec (23)
                                          ID: lutPXGj9
                                        LB
                                        INT: 6010
                                        RB
                                      LB
                                      INT: 3148
                                      RB
                                    LB
                                    INT: 9
                                    RB
                                  LB
                                  INT: 2959
                                  RB
                                LB
                                INT: 1455
                                RB
                              ASSIGNOP
                              Exp (29)
                                ID: V4HzIo
                          SEMI
                        DefList (30)
                          Def (30)
                            Specifier (30)
                              TYPE: int
                            DecList (30)
                              Dec (30)
                                VarDec (30)
                                  ID: SZWKP4L
                                ASSIGNOP
                                Exp (31)
                                  Exp (31)
                                    Exp (31)
                                      ID: _IHykwf_
                                    DIV
                                    Exp (32)
                                      FLOAT: 0.000000
                                  ASSIGNOP
                                  Exp (33)
                                    Exp (33)
                                      Exp (33)
                                        FLOAT: 21.299999
                                      DOT
                                      ID: WiD61a
                                    DOT
                                    ID: j8fqSt
                              COMMA
                              DecList (36)
                                Dec (36)
                                  VarDec (36)
                                    VarDec (36)
                                      VarDec (36)
                                        ID: nbSpU
                                      LB
                                      INT: 3566
                                      RB
                                    LB
                                    INT: 1022
                                    RB
                                  ASSIGNOP
                                  Exp (41)
                                    ID: Tm9Rvc
                                COMMA
                                DecList (42)
                                  Dec (42)
                                    VarDec (42)
                                      ID: TA15Ax
                                    ASSIGNOP
                                    Exp (43)
                                      Exp (43)
                                        Exp (43)
                                          Exp (43)
                                            Exp (43)
                                              Exp (43)
                                                Exp (43)
                                                  MINUS
                                                  Exp (43)
                                                    ID: p88r5
                                                PLUS
                                                Exp (43)
                                                  FLOAT: 86.000000
                                              PLUS
                                              Exp (44)
                                                FLOAT: 265.790009
                                            PLUS
                                            Exp (46)
                                              ID: OqlLBmb8j
                                          OR
                                          Exp (47)
                                            FLOAT: 927.400024
                                        OR
                                        Exp (49)
                                          ID: It5181BVe
                                          LP
                                          RP
                                      ASSIGNOP
                                      Exp (50)
                                        Exp (50)
                                          Exp (50)
                                            Exp (50)
                                              ID: zVRIsyYS
                                            STAR
                                            Exp (52)
                                              NOT
                                              Exp (52)
                                                INT: 267
                                          OR
                                          Exp (53)
                                            Exp (53)
                                              Exp (53)
                                                LP
                                                Exp (53)
                                                  FLOAT: 847.799988
                                                RP
                                              DOT
                                              ID: DWEXcC
                                            AND
                                            Exp (56)
                                              Exp (56)
                                                Exp (56)
                                                  Exp (56)
                                                    ID: IWuly5Iy
                                                    LP
                                                    RP
                                                  LB
                                                  Exp (57)
                                                    INT: 62466
                                                  RB
                                                PLUS
                                                Exp (59)
                                                  Exp (59)
                                                    INT: 228
                                                  LB
                                                  Exp (60)
                                                    Exp (60)
                                                      ID: KwTdsPGvkzco
                                                      LP
                                                      Args (61)
                                                        Exp (61)
                                                          LP
                                                          Exp (61)
                                                            Exp (61)
                                                              Exp (61)
                                                                Exp (61)
                                                                  INT: 191
                                                                MINUS
                                                                Exp (62)
                                                                  Exp (62)
                                                                    INT: 48
                                                                  DIV
                                                                  Exp (63)
                                                                    INT: 762606
                                                              OR
                                                              Exp (65)
                                                                Exp (65)
                                                                  INT: 423
                                                                RELOP
                                                                Exp (65)
                                                                  FLOAT: inf
                                                            ASSIGNOP
                                                            Exp (65)
                                                              ID: xrB3Y6fC8
                                                          RP
                                                        COMMA
                                                        Args (67)
                                                          Exp (67)
                                                            ID: kry58sIz
                                                      RP
                                                    DIV
                                                    Exp (68)
                                                      NOT
                                                      Exp (69)
                                                        NOT
                                                        Exp (70)
                                                          INT: 3129
                                                  RB
                                              RELOP
                                              Exp (72)
                                                Exp (72)
                                                  LP
                                                  Exp (73)
                                                    INT: 80440
                                                  RP
                                                PLUS
                                                Exp (74)
                                                  Exp (74)
                                                    ID: Fl9Sma
                                                    LP
                                                    RP
                                                  DIV
                                                  Exp (76)
                                                    ID: HZLR7kG7
                                        ASSIGNOP
                                        Exp (77)
                                          Exp (77)
                                            Exp (77)
                                              Exp (77)
                                                ID: or3
                                              LB
                                              Exp (78)
                                                ID: N_vOfS9NmJ
                                                LP
                                                Args (79)
                                                  Exp (79)
                                                    Exp (79)
                                                      ID: VXrTE3jnm
                                                      LP
                                                      Args (81)
                                                        Exp (81)
                                                          Exp (81)
                                                            INT: 251
                                                          ASSIGNOP
                                                          Exp (81)
                                                            Exp (81)
                                                              Exp (81)
                                                                FLOAT: 857.812988
                                                              RELOP
                                                              Exp (81)
                                                                INT: 249
                                                            ASSIGNOP
                                                            Exp (83)
                                                              Exp (83)
                                                                ID: I1OtKw
                                                                LP
                                                                Args (84)
                                                                  Exp (84)
                                                                    Exp (84)
                                                                      Exp (84)
                                                                        Exp (84)
                                                                          FLOAT: 638.659973
                                                                        RELOP
                                                                        Exp (84)
                                                                          LP
                                                                          Exp (85)
                                                                            LP
                                                                            Exp (86)
                                                                              FLOAT: inf
                                                                            RP
                                                                          RP
                                                                      AND
                                                                      Exp (87)
                                                                        Exp (87)
                                                                          INT: 5836
                                                                        LB
                                                                        Exp (88)
                                                                          Exp (88)
                                                                            ID: EUbPeJ
                                                                          OR
                                                                          Exp (88)
                                                                            FLOAT: 0.000000
                                                                        RB
                                                                    OR
                                                                    Exp (88)
                                                                      INT: 1023
                                                                  COMMA
                                                                  Args (90)
                                                                    Exp (90)
                                                                      FLOAT: 782959968256.000000
                                                                    COMMA
                                                                    Args (90)
                                                                      Exp (90)
                                                                        FLOAT: 69230997672625990329763364864.000000
                                                                RP
                                                              OR
                                                              Exp (91)
                                                                Exp (91)
                                                                  INT: 91553
                                                                MINUS
                                                                Exp (92)
                                                                  ID: exYTD1g2V
                                                      RP
                                                    AND
                                                    Exp (93)
                                                      Exp (93)
                                                        Exp (93)
                                                          Exp (93)
                                                            NOT
                                                            Exp (93)
                                                              MINUS
                                                              Exp (94)
                                                                Exp (94)
                                                                  FLOAT: inf
                                                                DOT
                                                                ID: VD_KYrgk
                                                          STAR
                                                          Exp (95)
                                                            ID: JZ9b4XNvRV
                                                            LP
                                                            RP
                                                        PLUS
                                                        Exp (97)
                                                          FLOAT: 47.200001
                                                      RELOP
                                                      Exp (98)
                                                        FLOAT: 196120000.000000
                                                RP
                                              RB
                                            DOT
                                            ID: r3HlI
                                          DOT
                                          ID: DevpHE1VPd
                            SEMI
                          DefList (101)
                            Def (101)
                              Specifier (101)
                                TYPE: float
                              DecList (102)
                                Dec (102)
                                  VarDec (102)
                                    VarDec (102)
                                      VarDec (102)
                                        ID: qYGFesn7W
                                      LB
                                      INT: 149386
                                      RB
                                    LB
                                    INT: 9683
                                    RB
                              SEMI
                    StmtList (106)
                      Stmt (106)
                        IF
                        LP
                        Exp (106)
                          Exp (106)
                            ID: aNbNcm5
                          LB
                          Exp (108)
                            FLOAT: 314.600006
                          RB
                        RP
                        Stmt (109)
                          Exp (109)
                            FLOAT: 6.062000
                          SEMI
                    RC
            RC
        ExtDefList (112)
          ExtDef (112)
            Specifier (112)
              TYPE: float
            FunDec (113)
              ID: lVKtQcbJ_V
              LP
              VarList (114)
                ParamDec (114)
                  Specifier (114)
                    TYPE: float
                  VarDec (115)
                    VarDec (115)
                      ID: zP54j
                    LB
                    INT: 2682
                    RB
              RP
            CompSt (118)
              LC
              StmtList (119)
                Stmt (119)
                  Exp (119)
                    FLOAT: 17.291000
                  SEMI
              RC
          ExtDefList (122)
            ExtDef (122)
              Specifier (122)
                TYPE: int
              ExtDecList (122)
                VarDec (122)
                  VarDec (122)
                    ID: RP9sM3
                  LB
                  INT: 79
                  RB
              SEMI
