Program (1)
  ExtDefList (1)
    ExtDef (1)
      Specifier (1)
        StructSpecifier (1)
          STRUCT
          LC
          RC
      FunDec (3)
        ID: _k0GK1Pj
        LP
        VarList (3)
          ParamDec (3)
            Specifier (3)
              TYPE: int
            VarDec (3)
              ID: gd4kxDUjla
          COMMA
          VarList (3)
            ParamDec (3)
              Specifier (3)
                TYPE: float
              VarDec (3)
                ID: wA5jfsJ
            COMMA
            VarList (3)
              ParamDec (3)
                Specifier (3)
                  TYPE: float
                VarDec (3)
                  ID: b5SxrsV
              COMMA
              VarList (3)
                ParamDec (3)
                  Specifier (3)
                    StructSpecifier (3)
                      STRUCT
                      LC
                      DefList (4)
                        Def (4)
                          Specifier (4)
                            TYPE: float
                          DecList (4)
                            Dec (4)
                              VarDec (4)
                                ID: hKoXw
                              ASSIGNOP
                              Exp (4)
                                FLOAT: 2933.438965
                          SEMI
                        DefList (5)
                          Def (5)
                            Specifier (5)
                              StructSpecifier (5)
                                STRUCT
                                Tag (5)
                                  ID: AIZtSEGy
                            DecList (5)
                              Dec (5)
                                VarDec (5)
                                  ID: PspDQCSxp
                                ASSIGNOP
                                Exp (5)
                                  Exp (5)
                                    Exp (5)
                                      LP
                                      Exp (5)
                                        MINUS
                                        Exp (5)
                                          Exp (5)
                                            ID: H6bzj3iIY
                                          LB
                                          Exp (5)
                                            ID: lBietSGwCPo
                                            LP
                                            RP
                                          RB
                                      RP
                                    RELOP
                                    Exp (5)
                                      FLOAT: 476248992.000000
                                  RELOP
                                  Exp (5)
                                    FLOAT: 7776000.000000
                              COMMA
                              DecList (5)
                                Dec (5)
                                  VarDec (5)
                                    VarDec (5)
                                      ID: LmSMnWkq
                                    LB
                                    INT: 201286
                                    RB
                                  ASSIGNOP
                                  Exp (5)
                                    Exp (5)
                                      ID: ruSo1pk
                                    PLUS
                                    Exp (5)
                                      LP
                                      Exp (5)
                                        ID: YLWu8ouI
                                        LP
                                        Args (5)
                                          Exp (5)
                                            ID: WwL1fSvG
                                        RP
                                      RP
                                COMMA
                                DecList (5)
                                  Dec (5)
                                    VarDec (5)
                                      ID: W1gAMf5Rk
                                    ASSIGNOP
                                    Exp (5)
                                      Exp (5)
                                        MINUS
                                        Exp (5)
                                          ID: oTF
                                      ASSIGNOP
                                      Exp (5)
                                        Exp (5)
                                          FLOAT: 218363.296875
                                        DIV
                                        Exp (5)
                                          ID: FoKSIhP
                                          LP
                                          RP
                            SEMI
                      RC
                  VarDec (7)
                    VarDec (7)
                      VarDec (7)
                        VarDec (7)
                          ID: CNgGNkU
                        LB
                        INT: 2043
                        RB
                      LB
                      INT: 30229
                      RB
                    LB
                    INT: 6074
                    RB
                COMMA
                VarList (7)
                  ParamDec (7)
                    Specifier (7)
                      StructSpecifier (7)
                        STRUCT
                        Tag (7)
                          ID: BsKZwlM0
                    VarDec (7)
                      VarDec (7)
                        ID: n0JSsZzZ
                      LB
                      INT: 3094
                      RB
        RP
      CompSt (7)
        LC
        StmtList (8)
          Stmt (8)
            Exp (8)
              Exp (8)
                Exp (8)
                  ID: UAXmOvMLfg
                  LP
                  RP
                LB
                Exp (8)
                  Exp (8)
                    Exp (8)
                      ID: v4kPlw5
                    MINUS
                    Exp (8)
                      MINUS
                      Exp (8)
                        FLOAT: 94.608002
                  OR
                  Exp (8)
                    Exp (8)
                      Exp (8)
                        NOT
                        Exp (8)
                          NOT
                          Exp (8)
                            Exp (8)
                              ID: Je2tYwrVEK
                            LB
                            Exp (8)
                              Exp (8)
                                Exp (8)
                                  NOT
                                  Exp (8)
                                    INT: 476
                                PLUS
                                Exp (8)
                                  Exp (8)
                                    LP
                                    Exp (8)
                                      FLOAT: 4.150000
                                    RP
                                  DOT
                                  ID: mNG7XNIM
                              OR
                              Exp (8)
                                MINUS
                                Exp (8)
                                  LP
                                  Exp (8)
                                    Exp (8)
                                      INT: 3572
                                    ASSIGNOP
                                    Exp (8)
                                      Exp (8)
                                        Exp (8)
                                          Exp (8)
                                            NOT
                                            Exp (8)
                                              INT: 1228
                                          STAR
                                          Exp (8)
                                            FLOAT: 76.800003
                                        MINUS
                                        Exp (8)
                                          Exp (8)
                                            Exp (8)
                                              INT: 23364
                                            DIV
                                            Exp (8)
                                              NOT
                                              Exp (8)
                                                Exp (8)
                                                  Exp (8)
                                                    LP
                                                    Exp (8)
                                                      Exp (8)
                                                        ID: I5AhXLC6
                                                        LP
                                                        RP
                                                      OR
                                                      Exp (8)
                                                        INT: 838
                                                    RP
                                                  DOT
                                                  ID: EtCjuq
                                                LB
                                                Exp (8)
                                                  ID: VJYP6Vq
                                                  LP
                                                  Args (8)
                                                    Exp (8)
                                                      ID: kXWOjW8aY
                                                  RP
                                                RB
                                          DIV
                                          Exp (8)
                                            ID: iYyXPsRuOD
                                            LP
                                            RP
                                      OR
                                      Exp (8)
                                        INT: 926020
                                  RP
                            RB
                      DIV
                      Exp (8)
                        FLOAT: 69514002432.000000
                    PLUS
                    Exp (8)
                      LP
                      Exp (8)
                        FLOAT: 1.980000
                      RP
                RB
              STAR
              Exp (8)
                ID: gvUYo5k
                LP
                Args (8)
                  Exp (8)
                    FLOAT: 4.520000
                RP
            SEMI
          StmtList (9)
            Stmt (9)
              Exp (9)
                ID: gOJnM
              SEMI
            StmtList (10)
              Stmt (10)
                Exp (10)
                  ID: IVAYe8jdX
                SEMI
              StmtList (11)
                Stmt (11)
                  Exp (11)
                    Exp (11)
                      MINUS
                      Exp (11)
                        ID: A4YYYyqi
                    STAR
                    Exp (11)
                      ID: ea1D
                      LP
                      RP
                  SEMI
                StmtList (12)
                  Stmt (12)
                    Exp (12)
                      FLOAT: 231970000.000000
                    SEMI
                  StmtList (13)
                    Stmt (13)
                      CompSt (13)
                        LC
                        DefList (14)
                          Def (14)
                            Specifier (14)
                              TYPE: float
                            DecList (14)
                              Dec (14)
                                VarDec (14)
                                  ID: k5zg2KF1
                                ASSIGNOP
                                Exp (14)
                                  Exp (14)
                                    Exp (14)
                                      Exp (14)
                                        ID: kzxBShPWxSS0
                                      PLUS
                                      Exp (14)
                                        FLOAT: 3872000000.000000
                                    PLUS
                                    Exp (14)
                                      Exp (14)
                                        LP
                                        Exp (14)
                                          Exp (14)
                                            MINUS
                                            Exp (14)
                                              INT: 39
                                          DIV
                                          Exp (14)
                                            ID: p2AQt7
                                        RP
                                      DOT
                                      ID: ZKwT3Ib
                                  ASSIGNOP
                                  Exp (14)
                                    Exp (14)
                                      LP
                                      Exp (14)
                                        LP
                                        Exp (14)
                                          Exp (14)
                                            LP
                                            Exp (14)
                                              Exp (14)
                                                ID: dwWUioud
                                                LP
                                                RP
                                              STAR
                                              Exp (14)
                                                INT: 19646
                                            RP
                                          DOT
                                          ID: BAMm_N
                                        RP
                                      RP
                                    OR
                                    Exp (14)
                                      Exp (14)
                                        INT: 150723
                                      LB
                                      Exp (14)
                                        Exp (14)
                                          INT: 30448
                                        RELOP
                                        Exp (14)
                                          Exp (14)
                                            FLOAT: 332.609985
                                          STAR
                                          Exp (14)
                                            NOT
                                            Exp (14)
                                              FLOAT: 37.810001
                                      RB
                              COMMA
                              DecList (14)
                                Dec (14)
                                  VarDec (14)
                                    ID: WLLKQJAyd
                                  ASSIGNOP
                                  Exp (14)
                                    Exp (14)
                                      INT: 3619
                                    STAR
                                    Exp (14)
                                      FLOAT: 248.276993
                            SEMI
                        StmtList (15)
                          Stmt (15)
                            IF
                            LP
                            Exp (15)
                              INT: 4025
                            RP
                            Stmt (15)
                              Exp (15)
                                Exp (15)
                                  Exp (15)
                                    LP
                                    Exp (15)
                                      LP
                                      Exp (15)
                                        INT: 98
                                      RP
                                    RP
                                  DOT
                                  ID: OIp4hN
                                STAR
                                Exp (15)
                                  FLOAT: 7.956400
                              SEMI
                        RC
        RC
    ExtDefList (18)
      ExtDef (18)
        Specifier (18)
          StructSpecifier (18)
            STRUCT
            LC
            RC
        ExtDecList (20)
          VarDec (20)
            ID: NX75evsod0
        SEMI
      ExtDefList (21)
        ExtDef (21)
          Specifier (21)
            TYPE: int
          SEMI
        ExtDefList (22)
          ExtDef (22)
            Specifier (22)
              TYPE: float
            ExtDecList (22)
              VarDec (22)
                ID: LQ7RO4l
            SEMI
          ExtDefList (23)
            ExtDef (23)
              Specifier (23)
                TYPE: int
              FunDec (23)
                ID: mSY2vflA
                LP
                RP
              CompSt (23)
                LC
                StmtList (24)
                  Stmt (24)
                    CompSt (24)
                      LC
                      StmtList (25)
                        Stmt (25)
                          RETURN
                          Exp (25)
                            LP
                            Exp (25)
                              FLOAT: 70.517998
                            RP
                          SEMI
                      RC
                  StmtList (27)
                    Stmt (27)
                      RETURN
                      Exp (27)
                        Exp (27)
                          Exp (27)
                            FLOAT: 7648564.000000
                          DIV
                          Exp (27)
                            INT: 970603
                        DIV
                        Exp (27)
                          INT: 32626
                      SEMI
                RC
