Error Type B at Line 3
Error Type B at Line 38
Error Type B at Line 100
Error Type B at Line 121
