Error Type B at Line 1
Error Type B at Line 4
Error Type B at Line 11
Error Type B at Line 12
Error Type B at Line 21
Error Type A at Line 27
Error Type A at Line 32
Error Type A at Line 36
