Error Type A at Line 28
Error Type A at Line 32
Error Type A at Line 44
