Error Type A at Line 16
Error Type A at Line 21
Error Type A at Line 32
