Error Type B at Line 8
Error Type B at Line 15
Error Type B at Line 22
Error Type B at Line 26
Error Type B at Line 30
