Error Type B at Line 14
Error Type B at Line 25
Error Type B at Line 43
Error Type B at Line 51
