Error Type B at Line 11
Error Type B at Line 17
Error Type B at Line 25
Error Type B at Line 30
