Error Type B at Line 18
Error Type A at Line 19
Error Type B at Line 27
Error Type A at Line 29
Error Type B at Line 33
Error Type A at Line 54
