Error Type B at Line 4
Error Type B at Line 8
Error Type B at Line 50
