Error Type B at Line 27
Error Type B at Line 34
Error Type B at Line 47
