Error Type B at Line 3
Error Type B at Line 4
Error Type B at Line 13
Error Type B at Line 21
Error Type B at Line 24
Error Type B at Line 38
Error Type B at Line 46
Error Type B at Line 47
