Error Type B at Line 2
Error Type B at Line 4
Error Type B at Line 21
Error Type B at Line 24
Error Type B at Line 29
