Error Type A at Line 1
Error Type A at Line 3
Error Type A at Line 3
