Error Type B at Line 4
Error Type A at Line 20
Error Type B at Line 27
Error Type B at Line 42
