Error Type B at Line 3
Error Type A at Line 4
Error Type A at Line 4
